Archive member included to satisfy reference by file (symbol)

c:/program files (x86)/atmel/studio/7.0/toolchain/avr8/avr8-gnu-toolchain/bin/../lib/gcc/avr/5.4.0/avr51\libgcc.a(_udivmodsi4.o)
                              main.o (__udivmodsi4)
c:/program files (x86)/atmel/studio/7.0/toolchain/avr8/avr8-gnu-toolchain/bin/../lib/gcc/avr/5.4.0/avr51\libgcc.a(_exit.o)
                              C:/Program Files (x86)/Atmel/Studio/7.0/Packs/atmel/ATmega_DFP/1.2.209/gcc/dev/atmega1284/avr51/crtatmega1284.o (exit)
c:/program files (x86)/atmel/studio/7.0/toolchain/avr8/avr8-gnu-toolchain/bin/../lib/gcc/avr/5.4.0/avr51\libgcc.a(_tablejump2.o)
                              main.o (__tablejump2__)
c:/program files (x86)/atmel/studio/7.0/toolchain/avr8/avr8-gnu-toolchain/bin/../lib/gcc/avr/5.4.0/avr51\libgcc.a(_copy_data.o)
                              main.o (__do_copy_data)
c:/program files (x86)/atmel/studio/7.0/toolchain/avr8/avr8-gnu-toolchain/bin/../lib/gcc/avr/5.4.0/avr51\libgcc.a(_clear_bss.o)
                              main.o (__do_clear_bss)
C:/Program Files (x86)/Atmel/Studio/7.0/Packs/atmel/ATmega_DFP/1.2.209/gcc/dev/atmega1284/avr51\libatmega1284.a(eerd_byte.o)
                              main.o (eeprom_read_byte)
C:/Program Files (x86)/Atmel/Studio/7.0/Packs/atmel/ATmega_DFP/1.2.209/gcc/dev/atmega1284/avr51\libatmega1284.a(eewr_byte.o)
                              main.o (eeprom_write_byte)
C:/Program Files (x86)/Atmel/Studio/7.0/Packs/atmel/ATmega_DFP/1.2.209/gcc/dev/atmega1284/avr51\libatmega1284.a(eewr_word.o)
                              main.o (eeprom_write_word)

Allocating common symbols
Common symbol       size              file

gameState           0x1               main.o
select_char         0x1               main.o
menu_states         0x1               main.o
render_state        0x1               main.o
CURRENT_PLAYER      0x1               main.o
highScore           0x1               main.o
current_score       0x2               main.o
p1_pos              0x1               main.o
P2_LOGIC            0x1               main.o

Discarded input sections

 .data          0x00000000        0x0 C:/Program Files (x86)/Atmel/Studio/7.0/Packs/atmel/ATmega_DFP/1.2.209/gcc/dev/atmega1284/avr51/crtatmega1284.o
 .bss           0x00000000        0x0 C:/Program Files (x86)/Atmel/Studio/7.0/Packs/atmel/ATmega_DFP/1.2.209/gcc/dev/atmega1284/avr51/crtatmega1284.o
 .text          0x00000000        0x0 io.o
 .data          0x00000000        0x0 io.o
 .bss           0x00000000        0x0 io.o
 .text          0x00000000        0x0 main.o
 .data          0x00000000        0x0 main.o
 .bss           0x00000000        0x0 main.o
 .text.TimerOff
                0x00000000        0x6 main.o
 .text.TimerISR
                0x00000000        0x8 main.o
 .text.findGCD  0x00000000       0x5a main.o
 .text.EEPROM_Write
                0x00000000        0x8 main.o
 .text.EEPROM_Read
                0x00000000        0x8 main.o
 .text.check_High_Score
                0x00000000       0x2a main.o
 .text          0x00000000        0x0 c:/program files (x86)/atmel/studio/7.0/toolchain/avr8/avr8-gnu-toolchain/bin/../lib/gcc/avr/5.4.0/avr51\libgcc.a(_udivmodsi4.o)
 .data          0x00000000        0x0 c:/program files (x86)/atmel/studio/7.0/toolchain/avr8/avr8-gnu-toolchain/bin/../lib/gcc/avr/5.4.0/avr51\libgcc.a(_udivmodsi4.o)
 .bss           0x00000000        0x0 c:/program files (x86)/atmel/studio/7.0/toolchain/avr8/avr8-gnu-toolchain/bin/../lib/gcc/avr/5.4.0/avr51\libgcc.a(_udivmodsi4.o)
 .text.libgcc.mul
                0x00000000        0x0 c:/program files (x86)/atmel/studio/7.0/toolchain/avr8/avr8-gnu-toolchain/bin/../lib/gcc/avr/5.4.0/avr51\libgcc.a(_udivmodsi4.o)
 .text.libgcc.div
                0x00000000       0x44 c:/program files (x86)/atmel/studio/7.0/toolchain/avr8/avr8-gnu-toolchain/bin/../lib/gcc/avr/5.4.0/avr51\libgcc.a(_udivmodsi4.o)
 .text.libgcc   0x00000000        0x0 c:/program files (x86)/atmel/studio/7.0/toolchain/avr8/avr8-gnu-toolchain/bin/../lib/gcc/avr/5.4.0/avr51\libgcc.a(_udivmodsi4.o)
 .text.libgcc.prologue
                0x00000000        0x0 c:/program files (x86)/atmel/studio/7.0/toolchain/avr8/avr8-gnu-toolchain/bin/../lib/gcc/avr/5.4.0/avr51\libgcc.a(_udivmodsi4.o)
 .text.libgcc.builtins
                0x00000000        0x0 c:/program files (x86)/atmel/studio/7.0/toolchain/avr8/avr8-gnu-toolchain/bin/../lib/gcc/avr/5.4.0/avr51\libgcc.a(_udivmodsi4.o)
 .text.libgcc.fmul
                0x00000000        0x0 c:/program files (x86)/atmel/studio/7.0/toolchain/avr8/avr8-gnu-toolchain/bin/../lib/gcc/avr/5.4.0/avr51\libgcc.a(_udivmodsi4.o)
 .text.libgcc.fixed
                0x00000000        0x0 c:/program files (x86)/atmel/studio/7.0/toolchain/avr8/avr8-gnu-toolchain/bin/../lib/gcc/avr/5.4.0/avr51\libgcc.a(_udivmodsi4.o)
 .text          0x00000000        0x0 c:/program files (x86)/atmel/studio/7.0/toolchain/avr8/avr8-gnu-toolchain/bin/../lib/gcc/avr/5.4.0/avr51\libgcc.a(_exit.o)
 .data          0x00000000        0x0 c:/program files (x86)/atmel/studio/7.0/toolchain/avr8/avr8-gnu-toolchain/bin/../lib/gcc/avr/5.4.0/avr51\libgcc.a(_exit.o)
 .bss           0x00000000        0x0 c:/program files (x86)/atmel/studio/7.0/toolchain/avr8/avr8-gnu-toolchain/bin/../lib/gcc/avr/5.4.0/avr51\libgcc.a(_exit.o)
 .text.libgcc.mul
                0x00000000        0x0 c:/program files (x86)/atmel/studio/7.0/toolchain/avr8/avr8-gnu-toolchain/bin/../lib/gcc/avr/5.4.0/avr51\libgcc.a(_exit.o)
 .text.libgcc.div
                0x00000000        0x0 c:/program files (x86)/atmel/studio/7.0/toolchain/avr8/avr8-gnu-toolchain/bin/../lib/gcc/avr/5.4.0/avr51\libgcc.a(_exit.o)
 .text.libgcc   0x00000000        0x0 c:/program files (x86)/atmel/studio/7.0/toolchain/avr8/avr8-gnu-toolchain/bin/../lib/gcc/avr/5.4.0/avr51\libgcc.a(_exit.o)
 .text.libgcc.prologue
                0x00000000        0x0 c:/program files (x86)/atmel/studio/7.0/toolchain/avr8/avr8-gnu-toolchain/bin/../lib/gcc/avr/5.4.0/avr51\libgcc.a(_exit.o)
 .text.libgcc.builtins
                0x00000000        0x0 c:/program files (x86)/atmel/studio/7.0/toolchain/avr8/avr8-gnu-toolchain/bin/../lib/gcc/avr/5.4.0/avr51\libgcc.a(_exit.o)
 .text.libgcc.fmul
                0x00000000        0x0 c:/program files (x86)/atmel/studio/7.0/toolchain/avr8/avr8-gnu-toolchain/bin/../lib/gcc/avr/5.4.0/avr51\libgcc.a(_exit.o)
 .text.libgcc.fixed
                0x00000000        0x0 c:/program files (x86)/atmel/studio/7.0/toolchain/avr8/avr8-gnu-toolchain/bin/../lib/gcc/avr/5.4.0/avr51\libgcc.a(_exit.o)
 .text          0x00000000        0x0 c:/program files (x86)/atmel/studio/7.0/toolchain/avr8/avr8-gnu-toolchain/bin/../lib/gcc/avr/5.4.0/avr51\libgcc.a(_tablejump2.o)
 .data          0x00000000        0x0 c:/program files (x86)/atmel/studio/7.0/toolchain/avr8/avr8-gnu-toolchain/bin/../lib/gcc/avr/5.4.0/avr51\libgcc.a(_tablejump2.o)
 .bss           0x00000000        0x0 c:/program files (x86)/atmel/studio/7.0/toolchain/avr8/avr8-gnu-toolchain/bin/../lib/gcc/avr/5.4.0/avr51\libgcc.a(_tablejump2.o)
 .text.libgcc.mul
                0x00000000        0x0 c:/program files (x86)/atmel/studio/7.0/toolchain/avr8/avr8-gnu-toolchain/bin/../lib/gcc/avr/5.4.0/avr51\libgcc.a(_tablejump2.o)
 .text.libgcc.div
                0x00000000        0x0 c:/program files (x86)/atmel/studio/7.0/toolchain/avr8/avr8-gnu-toolchain/bin/../lib/gcc/avr/5.4.0/avr51\libgcc.a(_tablejump2.o)
 .text.libgcc.prologue
                0x00000000        0x0 c:/program files (x86)/atmel/studio/7.0/toolchain/avr8/avr8-gnu-toolchain/bin/../lib/gcc/avr/5.4.0/avr51\libgcc.a(_tablejump2.o)
 .text.libgcc.builtins
                0x00000000        0x0 c:/program files (x86)/atmel/studio/7.0/toolchain/avr8/avr8-gnu-toolchain/bin/../lib/gcc/avr/5.4.0/avr51\libgcc.a(_tablejump2.o)
 .text.libgcc.fmul
                0x00000000        0x0 c:/program files (x86)/atmel/studio/7.0/toolchain/avr8/avr8-gnu-toolchain/bin/../lib/gcc/avr/5.4.0/avr51\libgcc.a(_tablejump2.o)
 .text.libgcc.fixed
                0x00000000        0x0 c:/program files (x86)/atmel/studio/7.0/toolchain/avr8/avr8-gnu-toolchain/bin/../lib/gcc/avr/5.4.0/avr51\libgcc.a(_tablejump2.o)
 .text          0x00000000        0x0 c:/program files (x86)/atmel/studio/7.0/toolchain/avr8/avr8-gnu-toolchain/bin/../lib/gcc/avr/5.4.0/avr51\libgcc.a(_copy_data.o)
 .data          0x00000000        0x0 c:/program files (x86)/atmel/studio/7.0/toolchain/avr8/avr8-gnu-toolchain/bin/../lib/gcc/avr/5.4.0/avr51\libgcc.a(_copy_data.o)
 .bss           0x00000000        0x0 c:/program files (x86)/atmel/studio/7.0/toolchain/avr8/avr8-gnu-toolchain/bin/../lib/gcc/avr/5.4.0/avr51\libgcc.a(_copy_data.o)
 .text.libgcc.mul
                0x00000000        0x0 c:/program files (x86)/atmel/studio/7.0/toolchain/avr8/avr8-gnu-toolchain/bin/../lib/gcc/avr/5.4.0/avr51\libgcc.a(_copy_data.o)
 .text.libgcc.div
                0x00000000        0x0 c:/program files (x86)/atmel/studio/7.0/toolchain/avr8/avr8-gnu-toolchain/bin/../lib/gcc/avr/5.4.0/avr51\libgcc.a(_copy_data.o)
 .text.libgcc   0x00000000        0x0 c:/program files (x86)/atmel/studio/7.0/toolchain/avr8/avr8-gnu-toolchain/bin/../lib/gcc/avr/5.4.0/avr51\libgcc.a(_copy_data.o)
 .text.libgcc.prologue
                0x00000000        0x0 c:/program files (x86)/atmel/studio/7.0/toolchain/avr8/avr8-gnu-toolchain/bin/../lib/gcc/avr/5.4.0/avr51\libgcc.a(_copy_data.o)
 .text.libgcc.builtins
                0x00000000        0x0 c:/program files (x86)/atmel/studio/7.0/toolchain/avr8/avr8-gnu-toolchain/bin/../lib/gcc/avr/5.4.0/avr51\libgcc.a(_copy_data.o)
 .text.libgcc.fmul
                0x00000000        0x0 c:/program files (x86)/atmel/studio/7.0/toolchain/avr8/avr8-gnu-toolchain/bin/../lib/gcc/avr/5.4.0/avr51\libgcc.a(_copy_data.o)
 .text.libgcc.fixed
                0x00000000        0x0 c:/program files (x86)/atmel/studio/7.0/toolchain/avr8/avr8-gnu-toolchain/bin/../lib/gcc/avr/5.4.0/avr51\libgcc.a(_copy_data.o)
 .text          0x00000000        0x0 c:/program files (x86)/atmel/studio/7.0/toolchain/avr8/avr8-gnu-toolchain/bin/../lib/gcc/avr/5.4.0/avr51\libgcc.a(_clear_bss.o)
 .data          0x00000000        0x0 c:/program files (x86)/atmel/studio/7.0/toolchain/avr8/avr8-gnu-toolchain/bin/../lib/gcc/avr/5.4.0/avr51\libgcc.a(_clear_bss.o)
 .bss           0x00000000        0x0 c:/program files (x86)/atmel/studio/7.0/toolchain/avr8/avr8-gnu-toolchain/bin/../lib/gcc/avr/5.4.0/avr51\libgcc.a(_clear_bss.o)
 .text.libgcc.mul
                0x00000000        0x0 c:/program files (x86)/atmel/studio/7.0/toolchain/avr8/avr8-gnu-toolchain/bin/../lib/gcc/avr/5.4.0/avr51\libgcc.a(_clear_bss.o)
 .text.libgcc.div
                0x00000000        0x0 c:/program files (x86)/atmel/studio/7.0/toolchain/avr8/avr8-gnu-toolchain/bin/../lib/gcc/avr/5.4.0/avr51\libgcc.a(_clear_bss.o)
 .text.libgcc   0x00000000        0x0 c:/program files (x86)/atmel/studio/7.0/toolchain/avr8/avr8-gnu-toolchain/bin/../lib/gcc/avr/5.4.0/avr51\libgcc.a(_clear_bss.o)
 .text.libgcc.prologue
                0x00000000        0x0 c:/program files (x86)/atmel/studio/7.0/toolchain/avr8/avr8-gnu-toolchain/bin/../lib/gcc/avr/5.4.0/avr51\libgcc.a(_clear_bss.o)
 .text.libgcc.builtins
                0x00000000        0x0 c:/program files (x86)/atmel/studio/7.0/toolchain/avr8/avr8-gnu-toolchain/bin/../lib/gcc/avr/5.4.0/avr51\libgcc.a(_clear_bss.o)
 .text.libgcc.fmul
                0x00000000        0x0 c:/program files (x86)/atmel/studio/7.0/toolchain/avr8/avr8-gnu-toolchain/bin/../lib/gcc/avr/5.4.0/avr51\libgcc.a(_clear_bss.o)
 .text.libgcc.fixed
                0x00000000        0x0 c:/program files (x86)/atmel/studio/7.0/toolchain/avr8/avr8-gnu-toolchain/bin/../lib/gcc/avr/5.4.0/avr51\libgcc.a(_clear_bss.o)
 .text          0x00000000        0x0 C:/Program Files (x86)/Atmel/Studio/7.0/Packs/atmel/ATmega_DFP/1.2.209/gcc/dev/atmega1284/avr51\libatmega1284.a(eerd_byte.o)
 .data          0x00000000        0x0 C:/Program Files (x86)/Atmel/Studio/7.0/Packs/atmel/ATmega_DFP/1.2.209/gcc/dev/atmega1284/avr51\libatmega1284.a(eerd_byte.o)
 .bss           0x00000000        0x0 C:/Program Files (x86)/Atmel/Studio/7.0/Packs/atmel/ATmega_DFP/1.2.209/gcc/dev/atmega1284/avr51\libatmega1284.a(eerd_byte.o)
 .text          0x00000000        0x0 C:/Program Files (x86)/Atmel/Studio/7.0/Packs/atmel/ATmega_DFP/1.2.209/gcc/dev/atmega1284/avr51\libatmega1284.a(eewr_byte.o)
 .data          0x00000000        0x0 C:/Program Files (x86)/Atmel/Studio/7.0/Packs/atmel/ATmega_DFP/1.2.209/gcc/dev/atmega1284/avr51\libatmega1284.a(eewr_byte.o)
 .bss           0x00000000        0x0 C:/Program Files (x86)/Atmel/Studio/7.0/Packs/atmel/ATmega_DFP/1.2.209/gcc/dev/atmega1284/avr51\libatmega1284.a(eewr_byte.o)
 .text          0x00000000        0x0 C:/Program Files (x86)/Atmel/Studio/7.0/Packs/atmel/ATmega_DFP/1.2.209/gcc/dev/atmega1284/avr51\libatmega1284.a(eewr_word.o)
 .data          0x00000000        0x0 C:/Program Files (x86)/Atmel/Studio/7.0/Packs/atmel/ATmega_DFP/1.2.209/gcc/dev/atmega1284/avr51\libatmega1284.a(eewr_word.o)
 .bss           0x00000000        0x0 C:/Program Files (x86)/Atmel/Studio/7.0/Packs/atmel/ATmega_DFP/1.2.209/gcc/dev/atmega1284/avr51\libatmega1284.a(eewr_word.o)

Memory Configuration

Name             Origin             Length             Attributes
text             0x00000000         0x00020000         xr
data             0x00800100         0x0000ff00         rw !x
eeprom           0x00810000         0x00010000         rw !x
fuse             0x00820000         0x00000003         rw !x
lock             0x00830000         0x00000400         rw !x
signature        0x00840000         0x00000400         rw !x
user_signatures  0x00850000         0x00000400         rw !x
*default*        0x00000000         0xffffffff

Linker script and memory map

Address of section .data set to 0x800100
LOAD C:/Program Files (x86)/Atmel/Studio/7.0/Packs/atmel/ATmega_DFP/1.2.209/gcc/dev/atmega1284/avr51/crtatmega1284.o
LOAD io.o
LOAD main.o
START GROUP
LOAD c:/program files (x86)/atmel/studio/7.0/toolchain/avr8/avr8-gnu-toolchain/bin/../lib/gcc/avr/5.4.0/../../../../avr/lib/avr51\libm.a
END GROUP
START GROUP
LOAD c:/program files (x86)/atmel/studio/7.0/toolchain/avr8/avr8-gnu-toolchain/bin/../lib/gcc/avr/5.4.0/avr51\libgcc.a
LOAD c:/program files (x86)/atmel/studio/7.0/toolchain/avr8/avr8-gnu-toolchain/bin/../lib/gcc/avr/5.4.0/../../../../avr/lib/avr51\libm.a
LOAD c:/program files (x86)/atmel/studio/7.0/toolchain/avr8/avr8-gnu-toolchain/bin/../lib/gcc/avr/5.4.0/../../../../avr/lib/avr51\libc.a
LOAD C:/Program Files (x86)/Atmel/Studio/7.0/Packs/atmel/ATmega_DFP/1.2.209/gcc/dev/atmega1284/avr51\libatmega1284.a
END GROUP
                0x00020000                __TEXT_REGION_LENGTH__ = DEFINED (__TEXT_REGION_LENGTH__)?__TEXT_REGION_LENGTH__:0x20000
                0x0000ff00                __DATA_REGION_LENGTH__ = DEFINED (__DATA_REGION_LENGTH__)?__DATA_REGION_LENGTH__:0xff00
                0x00010000                __EEPROM_REGION_LENGTH__ = DEFINED (__EEPROM_REGION_LENGTH__)?__EEPROM_REGION_LENGTH__:0x10000
                [0x00000003]                __FUSE_REGION_LENGTH__ = DEFINED (__FUSE_REGION_LENGTH__)?__FUSE_REGION_LENGTH__:0x400
                0x00000400                __LOCK_REGION_LENGTH__ = DEFINED (__LOCK_REGION_LENGTH__)?__LOCK_REGION_LENGTH__:0x400
                0x00000400                __SIGNATURE_REGION_LENGTH__ = DEFINED (__SIGNATURE_REGION_LENGTH__)?__SIGNATURE_REGION_LENGTH__:0x400
                0x00000400                __USER_SIGNATURE_REGION_LENGTH__ = DEFINED (__USER_SIGNATURE_REGION_LENGTH__)?__USER_SIGNATURE_REGION_LENGTH__:0x400

.hash
 *(.hash)

.dynsym
 *(.dynsym)

.dynstr
 *(.dynstr)

.gnu.version
 *(.gnu.version)

.gnu.version_d
 *(.gnu.version_d)

.gnu.version_r
 *(.gnu.version_r)

.rel.init
 *(.rel.init)

.rela.init
 *(.rela.init)

.rel.text
 *(.rel.text)
 *(.rel.text.*)
 *(.rel.gnu.linkonce.t*)

.rela.text
 *(.rela.text)
 *(.rela.text.*)
 *(.rela.gnu.linkonce.t*)

.rel.fini
 *(.rel.fini)

.rela.fini
 *(.rela.fini)

.rel.rodata
 *(.rel.rodata)
 *(.rel.rodata.*)
 *(.rel.gnu.linkonce.r*)

.rela.rodata
 *(.rela.rodata)
 *(.rela.rodata.*)
 *(.rela.gnu.linkonce.r*)

.rel.data
 *(.rel.data)
 *(.rel.data.*)
 *(.rel.gnu.linkonce.d*)

.rela.data
 *(.rela.data)
 *(.rela.data.*)
 *(.rela.gnu.linkonce.d*)

.rel.ctors
 *(.rel.ctors)

.rela.ctors
 *(.rela.ctors)

.rel.dtors
 *(.rel.dtors)

.rela.dtors
 *(.rela.dtors)

.rel.got
 *(.rel.got)

.rela.got
 *(.rela.got)

.rel.bss
 *(.rel.bss)

.rela.bss
 *(.rela.bss)

.rel.plt
 *(.rel.plt)

.rela.plt
 *(.rela.plt)

.text           0x00000000      0x77e
 *(.vectors)
 .vectors       0x00000000       0x8c C:/Program Files (x86)/Atmel/Studio/7.0/Packs/atmel/ATmega_DFP/1.2.209/gcc/dev/atmega1284/avr51/crtatmega1284.o
                0x00000000                __vector_default
                0x00000000                __vectors
 *(.vectors)
 *(.progmem.gcc*)
 .progmem.gcc_sw_table.start_menu
                0x0000008c       0x12 main.o
                0x0000009e                . = ALIGN (0x2)
                0x0000009e                __trampolines_start = .
 *(.trampolines)
 .trampolines   0x0000009e        0x0 linker stubs
 *(.trampolines*)
                0x0000009e                __trampolines_end = .
 *libprintf_flt.a:*(.progmem.data)
 *libc.a:*(.progmem.data)
 *(.progmem*)
                0x0000009e                . = ALIGN (0x2)
 *(.jumptables)
 *(.jumptables*)
 *(.lowtext)
 *(.lowtext*)
                0x0000009e                __ctors_start = .
 *(.ctors)
                0x0000009e                __ctors_end = .
                0x0000009e                __dtors_start = .
 *(.dtors)
                0x0000009e                __dtors_end = .
 SORT(*)(.ctors)
 SORT(*)(.dtors)
 *(.init0)
 .init0         0x0000009e        0x0 C:/Program Files (x86)/Atmel/Studio/7.0/Packs/atmel/ATmega_DFP/1.2.209/gcc/dev/atmega1284/avr51/crtatmega1284.o
                0x0000009e                __init
 *(.init0)
 *(.init1)
 *(.init1)
 *(.init2)
 .init2         0x0000009e        0xc C:/Program Files (x86)/Atmel/Studio/7.0/Packs/atmel/ATmega_DFP/1.2.209/gcc/dev/atmega1284/avr51/crtatmega1284.o
 *(.init2)
 *(.init3)
 *(.init3)
 *(.init4)
 .init4         0x000000aa       0x1a c:/program files (x86)/atmel/studio/7.0/toolchain/avr8/avr8-gnu-toolchain/bin/../lib/gcc/avr/5.4.0/avr51\libgcc.a(_copy_data.o)
                0x000000aa                __do_copy_data
 .init4         0x000000c4       0x10 c:/program files (x86)/atmel/studio/7.0/toolchain/avr8/avr8-gnu-toolchain/bin/../lib/gcc/avr/5.4.0/avr51\libgcc.a(_clear_bss.o)
                0x000000c4                __do_clear_bss
 *(.init4)
 *(.init5)
 *(.init5)
 *(.init6)
 *(.init6)
 *(.init7)
 *(.init7)
 *(.init8)
 *(.init8)
 *(.init9)
 .init9         0x000000d4        0x4 C:/Program Files (x86)/Atmel/Studio/7.0/Packs/atmel/ATmega_DFP/1.2.209/gcc/dev/atmega1284/avr51/crtatmega1284.o
 *(.init9)
 *(.text)
 .text          0x000000d8        0x2 C:/Program Files (x86)/Atmel/Studio/7.0/Packs/atmel/ATmega_DFP/1.2.209/gcc/dev/atmega1284/avr51/crtatmega1284.o
                0x000000d8                __vector_22
                0x000000d8                __vector_28
                0x000000d8                __vector_1
                0x000000d8                __vector_32
                0x000000d8                __vector_34
                0x000000d8                __vector_24
                0x000000d8                __vector_12
                0x000000d8                __bad_interrupt
                0x000000d8                __vector_6
                0x000000d8                __vector_31
                0x000000d8                __vector_3
                0x000000d8                __vector_23
                0x000000d8                __vector_30
                0x000000d8                __vector_25
                0x000000d8                __vector_11
                0x000000d8                __vector_17
                0x000000d8                __vector_19
                0x000000d8                __vector_7
                0x000000d8                __vector_27
                0x000000d8                __vector_5
                0x000000d8                __vector_33
                0x000000d8                __vector_4
                0x000000d8                __vector_9
                0x000000d8                __vector_2
                0x000000d8                __vector_21
                0x000000d8                __vector_15
                0x000000d8                __vector_29
                0x000000d8                __vector_8
                0x000000d8                __vector_26
                0x000000d8                __vector_14
                0x000000d8                __vector_10
                0x000000d8                __vector_16
                0x000000d8                __vector_18
                0x000000d8                __vector_20
                0x000000da                . = ALIGN (0x2)
 *(.text.*)
 .text.delay_ms
                0x000000da       0x26 io.o
                0x000000da                delay_ms
 .text.LCD_WriteCommand
                0x00000100       0x12 io.o
                0x00000100                LCD_WriteCommand
 .text.LCD_ClearScreen
                0x00000112        0x6 io.o
                0x00000112                LCD_ClearScreen
 .text.LCD_Cursor
                0x00000118       0x10 io.o
                0x00000118                LCD_Cursor
 .text.LCD_init
                0x00000128       0x1e io.o
                0x00000128                LCD_init
 .text.LCD_WriteData
                0x00000146       0x12 io.o
                0x00000146                LCD_WriteData
 .text.LCD_createChar
                0x00000158       0x36 io.o
                0x00000158                LCD_createChar
 .text.LCD_DisplayString
                0x0000018e       0x32 io.o
                0x0000018e                LCD_DisplayString
 .text.LCD_DisplayString_NO_CLEAR
                0x000001c0       0x2a io.o
                0x000001c0                LCD_DisplayString_NO_CLEAR
 .text.P1_POS   0x000001ea       0x82 main.o
                0x000001ea                P1_POS
 .text.P2_logic
                0x0000026c       0x82 main.o
                0x0000026c                P2_logic
 .text.render   0x000002ee       0x3a main.o
                0x000002ee                render
 .text.TimerOn  0x00000328       0x48 main.o
                0x00000328                TimerOn
 .text.__vector_13
                0x00000370       0x78 main.o
                0x00000370                __vector_13
 .text.TimerSet
                0x000003e8       0x22 main.o
                0x000003e8                TimerSet
 .text.update_menu
                0x0000040a       0x8a main.o
                0x0000040a                update_menu
 .text.start_menu
                0x00000494      0x164 main.o
                0x00000494                start_menu
 .text.main     0x000005f8      0x13e main.o
                0x000005f8                main
 .text.libgcc   0x00000736       0x12 c:/program files (x86)/atmel/studio/7.0/toolchain/avr8/avr8-gnu-toolchain/bin/../lib/gcc/avr/5.4.0/avr51\libgcc.a(_tablejump2.o)
                0x00000736                __tablejump2__
 .text.avr-libc
                0x00000748       0x10 C:/Program Files (x86)/Atmel/Studio/7.0/Packs/atmel/ATmega_DFP/1.2.209/gcc/dev/atmega1284/avr51\libatmega1284.a(eerd_byte.o)
                0x00000748                eeprom_read_byte
 .text.avr-libc
                0x00000758       0x1c C:/Program Files (x86)/Atmel/Studio/7.0/Packs/atmel/ATmega_DFP/1.2.209/gcc/dev/atmega1284/avr51\libatmega1284.a(eewr_byte.o)
                0x00000758                eeprom_write_byte
                0x0000075a                eeprom_write_r18
 .text.avr-libc
                0x00000774        0x6 C:/Program Files (x86)/Atmel/Studio/7.0/Packs/atmel/ATmega_DFP/1.2.209/gcc/dev/atmega1284/avr51\libatmega1284.a(eewr_word.o)
                0x00000774                eeprom_write_word
                0x0000077a                . = ALIGN (0x2)
 *(.fini9)
 .fini9         0x0000077a        0x0 c:/program files (x86)/atmel/studio/7.0/toolchain/avr8/avr8-gnu-toolchain/bin/../lib/gcc/avr/5.4.0/avr51\libgcc.a(_exit.o)
                0x0000077a                _exit
                0x0000077a                exit
 *(.fini9)
 *(.fini8)
 *(.fini8)
 *(.fini7)
 *(.fini7)
 *(.fini6)
 *(.fini6)
 *(.fini5)
 *(.fini5)
 *(.fini4)
 *(.fini4)
 *(.fini3)
 *(.fini3)
 *(.fini2)
 *(.fini2)
 *(.fini1)
 *(.fini1)
 *(.fini0)
 .fini0         0x0000077a        0x4 c:/program files (x86)/atmel/studio/7.0/toolchain/avr8/avr8-gnu-toolchain/bin/../lib/gcc/avr/5.4.0/avr51\libgcc.a(_exit.o)
 *(.fini0)
                0x0000077e                _etext = .

.data           0x00800100       0x68 load address 0x0000077e
                0x00800100                PROVIDE (__data_start, .)
 *(.data)
 *(.data*)
 .data.player_4
                0x00800100        0x8 main.o
                0x00800100                player_4
 .data.player_3
                0x00800108        0x8 main.o
                0x00800108                player_3
 .data.player_2
                0x00800110        0x8 main.o
                0x00800110                player_2
 .data.player_1
                0x00800118        0x8 main.o
                0x00800118                player_1
 .data.CURRENT_PLAYER1_POS
                0x00800120        0x1 main.o
                0x00800120                CURRENT_PLAYER1_POS
 .data.CURRENT_PLAYER2_POS
                0x00800121        0x1 main.o
                0x00800121                CURRENT_PLAYER2_POS
 .data.speed    0x00800122        0x1 main.o
                0x00800122                speed
 .data.POSITION
                0x00800123        0x1 main.o
                0x00800123                POSITION
 .data.sec_2    0x00800124        0x1 main.o
                0x00800124                sec_2
 .data._avr_timer_M
                0x00800125        0x4 main.o
                0x00800125                _avr_timer_M
 *(.gnu.linkonce.d*)
 *(.rodata)
 .rodata        0x00800129        0x6 main.o
 *(.rodata*)
 .rodata.str1.1
                0x0080012f       0x38 main.o
 *(.gnu.linkonce.r*)
                0x00800168                . = ALIGN (0x2)
 *fill*         0x00800167        0x1 
                0x00800168                _edata = .
                0x00800168                PROVIDE (__data_end, .)

.bss            0x00800168       0x31
                0x00800168                PROVIDE (__bss_start, .)
 *(.bss)
 *(.bss*)
 .bss.task3.2239
                0x00800168        0xb main.o
 .bss.task2.2238
                0x00800173        0xb main.o
 .bss.task1.2237
                0x0080017e        0xb main.o
 .bss.counter   0x00800189        0x1 main.o
                0x00800189                counter
 .bss._avr_timer_cntcurr
                0x0080018a        0x4 main.o
                0x0080018a                _avr_timer_cntcurr
 .bss.TimerFlag
                0x0080018e        0x1 main.o
                0x0080018e                TimerFlag
 *(COMMON)
 COMMON         0x0080018f        0xa main.o
                0x0080018f                gameState
                0x00800190                select_char
                0x00800191                menu_states
                0x00800192                render_state
                0x00800193                CURRENT_PLAYER
                0x00800194                highScore
                0x00800195                current_score
                0x00800197                p1_pos
                0x00800198                P2_LOGIC
                0x00800199                PROVIDE (__bss_end, .)
                0x0000077e                __data_load_start = LOADADDR (.data)
                0x000007e6                __data_load_end = (__data_load_start + SIZEOF (.data))

.noinit         0x00800199        0x0
                [!provide]                PROVIDE (__noinit_start, .)
 *(.noinit*)
                [!provide]                PROVIDE (__noinit_end, .)
                0x00800199                _end = .
                [!provide]                PROVIDE (__heap_start, .)

.eeprom         0x00810000        0x0
 *(.eeprom*)
                0x00810000                __eeprom_end = .

.fuse
 *(.fuse)
 *(.lfuse)
 *(.hfuse)
 *(.efuse)

.lock
 *(.lock*)

.signature
 *(.signature*)

.user_signatures
 *(.user_signatures*)

.stab
 *(.stab)

.stabstr
 *(.stabstr)

.stab.excl
 *(.stab.excl)

.stab.exclstr
 *(.stab.exclstr)

.stab.index
 *(.stab.index)

.stab.indexstr
 *(.stab.indexstr)

.comment        0x00000000       0x30
 *(.comment)
 .comment       0x00000000       0x30 io.o
                                 0x31 (size before relaxing)
 .comment       0x00000030       0x31 main.o

.note.gnu.avr.deviceinfo
                0x00000000       0x40
 .note.gnu.avr.deviceinfo
                0x00000000       0x40 C:/Program Files (x86)/Atmel/Studio/7.0/Packs/atmel/ATmega_DFP/1.2.209/gcc/dev/atmega1284/avr51/crtatmega1284.o

.note.gnu.build-id
 *(.note.gnu.build-id)

.debug
 *(.debug)

.line
 *(.line)

.debug_srcinfo
 *(.debug_srcinfo)

.debug_sfnames
 *(.debug_sfnames)

.debug_aranges  0x00000000      0x150
 *(.debug_aranges)
 .debug_aranges
                0x00000000       0x60 io.o
 .debug_aranges
                0x00000060       0x90 main.o
 .debug_aranges
                0x000000f0       0x20 C:/Program Files (x86)/Atmel/Studio/7.0/Packs/atmel/ATmega_DFP/1.2.209/gcc/dev/atmega1284/avr51\libatmega1284.a(eerd_byte.o)
 .debug_aranges
                0x00000110       0x20 C:/Program Files (x86)/Atmel/Studio/7.0/Packs/atmel/ATmega_DFP/1.2.209/gcc/dev/atmega1284/avr51\libatmega1284.a(eewr_byte.o)
 .debug_aranges
                0x00000130       0x20 C:/Program Files (x86)/Atmel/Studio/7.0/Packs/atmel/ATmega_DFP/1.2.209/gcc/dev/atmega1284/avr51\libatmega1284.a(eewr_word.o)

.debug_pubnames
 *(.debug_pubnames)

.debug_info     0x00000000     0x16ed
 *(.debug_info .gnu.linkonce.wi.*)
 .debug_info    0x00000000      0x792 C:/Program Files (x86)/Atmel/Studio/7.0/Packs/atmel/ATmega_DFP/1.2.209/gcc/dev/atmega1284/avr51/crtatmega1284.o
 .debug_info    0x00000792      0x394 io.o
 .debug_info    0x00000b26      0x9c0 main.o
 .debug_info    0x000014e6       0xad C:/Program Files (x86)/Atmel/Studio/7.0/Packs/atmel/ATmega_DFP/1.2.209/gcc/dev/atmega1284/avr51\libatmega1284.a(eerd_byte.o)
 .debug_info    0x00001593       0xad C:/Program Files (x86)/Atmel/Studio/7.0/Packs/atmel/ATmega_DFP/1.2.209/gcc/dev/atmega1284/avr51\libatmega1284.a(eewr_byte.o)
 .debug_info    0x00001640       0xad C:/Program Files (x86)/Atmel/Studio/7.0/Packs/atmel/ATmega_DFP/1.2.209/gcc/dev/atmega1284/avr51\libatmega1284.a(eewr_word.o)

.debug_abbrev   0x00000000      0xb50
 *(.debug_abbrev)
 .debug_abbrev  0x00000000      0x729 C:/Program Files (x86)/Atmel/Studio/7.0/Packs/atmel/ATmega_DFP/1.2.209/gcc/dev/atmega1284/avr51/crtatmega1284.o
 .debug_abbrev  0x00000729      0x100 io.o
 .debug_abbrev  0x00000829      0x2eb main.o
 .debug_abbrev  0x00000b14       0x14 C:/Program Files (x86)/Atmel/Studio/7.0/Packs/atmel/ATmega_DFP/1.2.209/gcc/dev/atmega1284/avr51\libatmega1284.a(eerd_byte.o)
 .debug_abbrev  0x00000b28       0x14 C:/Program Files (x86)/Atmel/Studio/7.0/Packs/atmel/ATmega_DFP/1.2.209/gcc/dev/atmega1284/avr51\libatmega1284.a(eewr_byte.o)
 .debug_abbrev  0x00000b3c       0x14 C:/Program Files (x86)/Atmel/Studio/7.0/Packs/atmel/ATmega_DFP/1.2.209/gcc/dev/atmega1284/avr51\libatmega1284.a(eewr_word.o)

.debug_line     0x00000000      0xbdc
 *(.debug_line .debug_line.* .debug_line_end)
 .debug_line    0x00000000      0x169 C:/Program Files (x86)/Atmel/Studio/7.0/Packs/atmel/ATmega_DFP/1.2.209/gcc/dev/atmega1284/avr51/crtatmega1284.o
 .debug_line    0x00000169      0x251 io.o
 .debug_line    0x000003ba      0x6af main.o
 .debug_line    0x00000a69       0x7a C:/Program Files (x86)/Atmel/Studio/7.0/Packs/atmel/ATmega_DFP/1.2.209/gcc/dev/atmega1284/avr51\libatmega1284.a(eerd_byte.o)
 .debug_line    0x00000ae3       0x9e C:/Program Files (x86)/Atmel/Studio/7.0/Packs/atmel/ATmega_DFP/1.2.209/gcc/dev/atmega1284/avr51\libatmega1284.a(eewr_byte.o)
 .debug_line    0x00000b81       0x5b C:/Program Files (x86)/Atmel/Studio/7.0/Packs/atmel/ATmega_DFP/1.2.209/gcc/dev/atmega1284/avr51\libatmega1284.a(eewr_word.o)

.debug_frame    0x00000000      0x224
 *(.debug_frame)
 .debug_frame   0x00000000       0xdc io.o
 .debug_frame   0x000000dc      0x148 main.o

.debug_str      0x00000000      0x773
 *(.debug_str)
 .debug_str     0x00000000      0x296 C:/Program Files (x86)/Atmel/Studio/7.0/Packs/atmel/ATmega_DFP/1.2.209/gcc/dev/atmega1284/avr51/crtatmega1284.o
 .debug_str     0x00000296      0x1f8 io.o
                                0x23e (size before relaxing)
 .debug_str     0x0000048e      0x2e5 main.o
                                0x4dd (size before relaxing)

.debug_loc      0x00000000      0x67f
 *(.debug_loc)
 .debug_loc     0x00000000      0x3dc io.o
 .debug_loc     0x000003dc      0x2a3 main.o

.debug_macinfo
 *(.debug_macinfo)

.debug_weaknames
 *(.debug_weaknames)

.debug_funcnames
 *(.debug_funcnames)

.debug_typenames
 *(.debug_typenames)

.debug_varnames
 *(.debug_varnames)

.debug_pubtypes
 *(.debug_pubtypes)

.debug_ranges   0x00000000       0xd0
 *(.debug_ranges)
 .debug_ranges  0x00000000       0x50 io.o
 .debug_ranges  0x00000050       0x80 main.o

.debug_macro
 *(.debug_macro)
OUTPUT(EE_CS120B_Custome_lab.elf elf32-avr)
LOAD linker stubs
